log lines
delicious
